// Jest Snapshot v1, https://goo.gl/fbAQLP

exports[`test collapse example 1`] = `
"<div class=\\"app-type\\">基本使用</div>
<div class=\\"var-collapse\\">
  <div class=\\"var-collapse-item\\">
    <div class=\\"var-collapse-item__header\\">
      <div class=\\"var-collapse-item__header-title\\">标题</div>
      <div class=\\"var-collapse-item__header-icon\\"><i class=\\"var-icon var-icon--set var-icon-chevron-down var-collapse-item__header-icon\\" style=\\"transition: transform 250ms;\\"></i></div>
    </div>
    <div class=\\"var-collapse-item__content\\" style=\\"display: none;\\">
      <div class=\\"var-collapse-item__content-wrap\\">文本</div>
    </div>
  </div>
  <div class=\\"var-collapse-item\\">
    <div class=\\"var-collapse-item__header\\">
      <div class=\\"var-collapse-item__header-title\\">标题</div>
      <div class=\\"var-collapse-item__header-icon\\"><i class=\\"var-icon var-icon--set var-icon-chevron-down var-collapse-item__header-icon\\" style=\\"transition: transform 250ms;\\"></i></div>
    </div>
    <div class=\\"var-collapse-item__content\\" style=\\"display: none;\\">
      <div class=\\"var-collapse-item__content-wrap\\">文本</div>
    </div>
  </div>
</div>
<div class=\\"app-type\\">隐藏边距</div>
<div class=\\"var-collapse\\">
  <div class=\\"var-collapse-item\\">
    <div class=\\"var-collapse-item__header\\">
      <div class=\\"var-collapse-item__header-title\\">标题</div>
      <div class=\\"var-collapse-item__header-icon\\"><i class=\\"var-icon var-icon--set var-icon-chevron-down var-collapse-item__header-icon\\" style=\\"transition: transform 250ms;\\"></i></div>
    </div>
    <div class=\\"var-collapse-item__content\\" style=\\"display: none;\\">
      <div class=\\"var-collapse-item__content-wrap\\">文本</div>
    </div>
  </div>
  <div class=\\"var-collapse-item\\">
    <div class=\\"var-collapse-item__header\\">
      <div class=\\"var-collapse-item__header-title\\">标题</div>
      <div class=\\"var-collapse-item__header-icon\\"><i class=\\"var-icon var-icon--set var-icon-chevron-down var-collapse-item__header-icon\\" style=\\"transition: transform 250ms;\\"></i></div>
    </div>
    <div class=\\"var-collapse-item__content\\" style=\\"display: none;\\">
      <div class=\\"var-collapse-item__content-wrap\\">文本</div>
    </div>
  </div>
</div>
<div class=\\"app-type\\">手风琴模式</div>
<div class=\\"var-collapse\\">
  <div class=\\"var-collapse-item\\">
    <div class=\\"var-collapse-item__header\\">
      <div class=\\"var-collapse-item__header-title\\">标题</div>
      <div class=\\"var-collapse-item__header-icon\\"><i class=\\"var-icon var-icon--set var-icon-chevron-down var-collapse-item__header-icon\\" style=\\"transition: transform 250ms;\\"></i></div>
    </div>
    <div class=\\"var-collapse-item__content\\" style=\\"display: none;\\">
      <div class=\\"var-collapse-item__content-wrap\\">文本</div>
    </div>
  </div>
  <div class=\\"var-collapse-item\\">
    <div class=\\"var-collapse-item__header\\">
      <div class=\\"var-collapse-item__header-title\\">标题</div>
      <div class=\\"var-collapse-item__header-icon\\"><i class=\\"var-icon var-icon--set var-icon-chevron-down var-collapse-item__header-icon\\" style=\\"transition: transform 250ms;\\"></i></div>
    </div>
    <div class=\\"var-collapse-item__content\\" style=\\"display: none;\\">
      <div class=\\"var-collapse-item__content-wrap\\">文本</div>
    </div>
  </div>
</div>
<div class=\\"app-type\\">禁用</div>
<div class=\\"var-space var--box\\" style=\\"flex-direction: column; justify-content: start; flex-wrap: wrap;\\">
  <div style=\\"margin: 0px 0px 8px 0px;\\"><button class=\\"var-button var--box var-button--normal var--inline-flex var-button--default var-elevation--2\\">
      <!--v-if-->
      <div class=\\"var-button__content\\">禁用</div>
    </button></div>
  <div style=\\"margin: 0px;\\">
    <div class=\\"var-collapse\\">
      <div class=\\"var-collapse-item\\">
        <div class=\\"var-collapse-item__header\\">
          <div class=\\"var-collapse-item__header-title\\">标题</div>
          <div class=\\"var-collapse-item__header-icon\\"><i class=\\"var-icon var-icon--set var-icon-chevron-down var-collapse-item__header-icon\\" style=\\"transition: transform 250ms;\\"></i></div>
        </div>
        <div class=\\"var-collapse-item__content\\" style=\\"display: none;\\">
          <div class=\\"var-collapse-item__content-wrap\\">文本</div>
        </div>
      </div>
      <div class=\\"var-collapse-item\\">
        <div class=\\"var-collapse-item__header\\">
          <div class=\\"var-collapse-item__header-title\\">标题</div>
          <div class=\\"var-collapse-item__header-icon\\"><i class=\\"var-icon var-icon--set var-icon-chevron-down var-collapse-item__header-icon\\" style=\\"transition: transform 250ms;\\"></i></div>
        </div>
        <div class=\\"var-collapse-item__content\\" style=\\"display: none;\\">
          <div class=\\"var-collapse-item__content-wrap\\">文本</div>
        </div>
      </div>
    </div>
  </div>
</div>
<div class=\\"app-type\\">自定义内容</div>
<div class=\\"var-collapse\\">
  <div class=\\"var-collapse-item\\">
    <div class=\\"var-collapse-item__header\\">
      <div class=\\"var-collapse-item__header-title\\">这是标题</div>
      <div class=\\"var-collapse-item__header-icon\\"><i class=\\"var-icon var-icon--set var-icon-account-circle var-collapse-item__header-icon\\" style=\\"transition: transform 250ms;\\"></i></div>
    </div>
    <div class=\\"var-collapse-item__content\\" style=\\"display: none;\\">
      <div class=\\"var-collapse-item__content-wrap\\">文本</div>
    </div>
  </div>
  <div class=\\"var-collapse-item\\">
    <div class=\\"var-collapse-item__header\\">
      <div class=\\"var-collapse-item__header-title\\">这是标题</div>
      <div class=\\"var-collapse-item__header-icon\\">^_^</div>
    </div>
    <div class=\\"var-collapse-item__content\\" style=\\"display: none;\\">
      <div class=\\"var-collapse-item__content-wrap\\"> 这是内容</div>
    </div>
  </div>
</div>"
`;

exports[`test collapse offset and collapse icon 1`] = `
"<div class=\\"var-collapse\\">
  <div class=\\"var-collapse-item\\">
    <div class=\\"var-collapse-item__header\\">
      <div class=\\"var-collapse-item__header-title\\">test1</div>
      <div class=\\"var-collapse-item__header-icon\\"><i class=\\"var-icon var-icon--set var-icon-fire var-collapse-item__header-icon\\" style=\\"transition: transform 250ms;\\"></i></div>
    </div>
    <div class=\\"var-collapse-item__content\\" style=\\"display: none;\\">
      <div class=\\"var-collapse-item__content-wrap\\">test1</div>
    </div>
  </div>
  <div class=\\"var-collapse-item\\">
    <div class=\\"var-collapse-item__header\\">
      <div class=\\"var-collapse-item__header-title\\">test2</div>
      <div class=\\"var-collapse-item__header-icon\\"><i class=\\"var-icon var-icon--set var-icon-fire var-collapse-item__header-icon\\" style=\\"transition: transform 250ms;\\"></i></div>
    </div>
    <div class=\\"var-collapse-item__content\\" style=\\"display: none;\\">
      <div class=\\"var-collapse-item__content-wrap\\">test2</div>
    </div>
  </div>
</div>"
`;
