// Jest Snapshot v1, https://goo.gl/fbAQLP

exports[`test tooltip click trigger 1`] = `"<div data-v-app=\\"\\"><div class=\\"var-tooltip\\"><!--teleport start--><!--teleport end--></div></div><div class=\\"var-tooltip__tooltip\\" style=\\"position: absolute; left: 0px; top: 0px; margin: 0px; transform: translate(0px, 0px);\\" data-popper-placement=\\"bottom\\"><div style=\\"z-index: 2001;\\" class=\\"var-tooltip__content-container var-tooltip--default var-tooltip--margin-bottom\\"></div></div>"`;

exports[`test tooltip click trigger 2`] = `"<div data-v-app=\\"\\"><div class=\\"var-tooltip\\"><!--teleport start--><!--teleport end--></div></div><div class=\\"var-tooltip__tooltip\\" style=\\"position: absolute; left: 0px; top: 0px; margin: 0px; transform: translate(0px, 0px);\\" data-popper-placement=\\"bottom\\"><div style=\\"z-index: 2001;\\" class=\\"var-tooltip__content-container var-tooltip--default var-tooltip--margin-bottom\\"></div></div>"`;

exports[`test tooltip color 1`] = `"<div class=\\"var-tooltip__tooltip\\" style=\\"display: none; position: absolute; left: 0px; top: 0px; margin: 0px; transform: translate(0px, 0px);\\" data-popper-placement=\\"bottom\\"><div style=\\"z-index: 2002; background: rgb(0, 0, 0);\\" class=\\"var-tooltip__content-container var-tooltip--default var-tooltip--margin-bottom\\"></div></div>"`;

exports[`test tooltip content 1`] = `"<div class=\\"var-tooltip__tooltip\\" style=\\"display: none; position: absolute; left: 0px; top: 0px; margin: 0px; transform: translate(0px, 0px);\\" data-popper-placement=\\"bottom\\"><div style=\\"z-index: 2002;\\" class=\\"var-tooltip__content-container var-tooltip--default var-tooltip--margin-bottom\\">test tooltip</div></div>"`;

exports[`test tooltip hover the tooltip list 1`] = `"<div class=\\"var-tooltip__tooltip\\" style=\\"position: absolute; left: 0px; top: 0px; margin: 0px; transform: translate(0px, 0px); display: none;\\" data-popper-placement=\\"bottom\\"><div style=\\"z-index: 2003;\\" class=\\"var-tooltip__content-container var-tooltip--default var-tooltip--margin-bottom\\"></div></div>"`;

exports[`test tooltip hover trigger and events 1`] = `"<div class=\\"var-tooltip__tooltip\\" style=\\"position: absolute; left: 0px; top: 0px; margin: 0px; transform: translate(0px, 0px);\\" data-popper-placement=\\"bottom\\"><div style=\\"z-index: 2002;\\" class=\\"var-tooltip__content-container var-tooltip--default var-tooltip--margin-bottom\\"></div></div>"`;

exports[`test tooltip hover trigger and events 2`] = `"<div class=\\"var-tooltip__tooltip\\" style=\\"position: absolute; left: 0px; top: 0px; margin: 0px; transform: translate(0px, 0px); display: none;\\" data-popper-placement=\\"bottom\\"><div style=\\"z-index: 2002;\\" class=\\"var-tooltip__content-container var-tooltip--default var-tooltip--margin-bottom\\"></div></div>"`;

exports[`test tooltip offset 1`] = `"<div class=\\"var-tooltip__tooltip\\" style=\\"display: none; position: absolute; left: 0px; top: 0px; margin: 0px; transform: translate(100px, 100px);\\" data-popper-placement=\\"bottom\\"><div style=\\"z-index: 2002;\\" class=\\"var-tooltip__content-container var-tooltip--default var-tooltip--margin-bottom\\"></div></div>"`;

exports[`test tooltip placement 1`] = `"<div class=\\"var-tooltip__tooltip\\" style=\\"display: none; position: absolute; left: 0px; top: 0px; margin: 0px; bottom: 0px; transform: translate(0px, 0px);\\" data-popper-placement=\\"top\\"><div style=\\"z-index: 2000;\\" class=\\"var-tooltip__content-container var-tooltip--default var-tooltip--margin-top\\"></div></div>"`;

exports[`test tooltip placement 2`] = `"<div class=\\"var-tooltip__tooltip\\" style=\\"display: none; position: absolute; left: 0px; top: 0px; margin: 0px; bottom: 0px; transform: translate(0px, 0px);\\" data-popper-placement=\\"top-start\\"><div style=\\"z-index: 2000;\\" class=\\"var-tooltip__content-container var-tooltip--default var-tooltip--margin-top-start\\"></div></div>"`;

exports[`test tooltip placement 3`] = `"<div class=\\"var-tooltip__tooltip\\" style=\\"display: none; position: absolute; left: 0px; top: 0px; margin: 0px; right: 0px; bottom: 0px; transform: translate(0px, 0px);\\" data-popper-placement=\\"top-end\\"><div style=\\"z-index: 2000;\\" class=\\"var-tooltip__content-container var-tooltip--default var-tooltip--margin-top-end\\"></div></div>"`;

exports[`test tooltip placement 4`] = `"<div class=\\"var-tooltip__tooltip\\" style=\\"display: none; position: absolute; left: 0px; top: 0px; margin: 0px; transform: translate(0px, 0px);\\" data-popper-placement=\\"bottom\\"><div style=\\"z-index: 2000;\\" class=\\"var-tooltip__content-container var-tooltip--default var-tooltip--margin-bottom\\"></div></div>"`;

exports[`test tooltip placement 5`] = `"<div class=\\"var-tooltip__tooltip\\" style=\\"display: none; position: absolute; left: 0px; top: 0px; margin: 0px; transform: translate(0px, 0px);\\" data-popper-placement=\\"bottom-start\\"><div style=\\"z-index: 2000;\\" class=\\"var-tooltip__content-container var-tooltip--default var-tooltip--margin-bottom-start\\"></div></div>"`;

exports[`test tooltip placement 6`] = `"<div class=\\"var-tooltip__tooltip\\" style=\\"display: none; position: absolute; left: 0px; top: 0px; margin: 0px; right: 0px; transform: translate(0px, 0px);\\" data-popper-placement=\\"bottom-end\\"><div style=\\"z-index: 2000;\\" class=\\"var-tooltip__content-container var-tooltip--default var-tooltip--margin-bottom-end\\"></div></div>"`;

exports[`test tooltip placement 7`] = `"<div class=\\"var-tooltip__tooltip\\" style=\\"display: none; position: absolute; left: 0px; top: 0px; margin: 0px; transform: translate(0px, 0px);\\" data-popper-placement=\\"right\\"><div style=\\"z-index: 2000;\\" class=\\"var-tooltip__content-container var-tooltip--default var-tooltip--margin-right\\"></div></div>"`;

exports[`test tooltip placement 8`] = `"<div class=\\"var-tooltip__tooltip\\" style=\\"display: none; position: absolute; left: 0px; top: 0px; margin: 0px; transform: translate(0px, 0px);\\" data-popper-placement=\\"right-start\\"><div style=\\"z-index: 2000;\\" class=\\"var-tooltip__content-container var-tooltip--default var-tooltip--margin-right-start\\"></div></div>"`;

exports[`test tooltip placement 9`] = `"<div class=\\"var-tooltip__tooltip\\" style=\\"display: none; position: absolute; left: 0px; top: 0px; margin: 0px; bottom: 0px; transform: translate(0px, 0px);\\" data-popper-placement=\\"right-end\\"><div style=\\"z-index: 2000;\\" class=\\"var-tooltip__content-container var-tooltip--default var-tooltip--margin-right-end\\"></div></div>"`;

exports[`test tooltip placement 10`] = `"<div class=\\"var-tooltip__tooltip\\" style=\\"display: none; position: absolute; left: 0px; top: 0px; margin: 0px; right: 0px; transform: translate(0px, 0px);\\" data-popper-placement=\\"left\\"><div style=\\"z-index: 2000;\\" class=\\"var-tooltip__content-container var-tooltip--default var-tooltip--margin-left\\"></div></div>"`;

exports[`test tooltip placement 11`] = `"<div class=\\"var-tooltip__tooltip\\" style=\\"display: none; position: absolute; left: 0px; top: 0px; margin: 0px; right: 0px; transform: translate(0px, 0px);\\" data-popper-placement=\\"left-start\\"><div style=\\"z-index: 2000;\\" class=\\"var-tooltip__content-container var-tooltip--default var-tooltip--margin-left-start\\"></div></div>"`;

exports[`test tooltip placement 12`] = `"<div class=\\"var-tooltip__tooltip\\" style=\\"display: none; position: absolute; left: 0px; top: 0px; margin: 0px; right: 0px; bottom: 0px; transform: translate(0px, 0px);\\" data-popper-placement=\\"left-end\\"><div style=\\"z-index: 2000;\\" class=\\"var-tooltip__content-container var-tooltip--default var-tooltip--margin-left-end\\"></div></div>"`;

exports[`test tooltip type 1`] = `"<div class=\\"var-tooltip__tooltip\\" style=\\"display: none; position: absolute; left: 0px; top: 0px; margin: 0px; transform: translate(0px, 0px);\\" data-popper-placement=\\"bottom\\"><div style=\\"z-index: 2002;\\" class=\\"var-tooltip__content-container var-tooltip--default var-tooltip--margin-bottom\\"></div></div>"`;

exports[`test tooltip type 2`] = `"<div class=\\"var-tooltip__tooltip\\" style=\\"display: none; position: absolute; left: 0px; top: 0px; margin: 0px; transform: translate(0px, 0px);\\" data-popper-placement=\\"bottom\\"><div style=\\"z-index: 2002;\\" class=\\"var-tooltip__content-container var-tooltip--primary var-tooltip--margin-bottom\\"></div></div>"`;

exports[`test tooltip type 3`] = `"<div class=\\"var-tooltip__tooltip\\" style=\\"display: none; position: absolute; left: 0px; top: 0px; margin: 0px; transform: translate(0px, 0px);\\" data-popper-placement=\\"bottom\\"><div style=\\"z-index: 2002;\\" class=\\"var-tooltip__content-container var-tooltip--info var-tooltip--margin-bottom\\"></div></div>"`;

exports[`test tooltip type 4`] = `"<div class=\\"var-tooltip__tooltip\\" style=\\"display: none; position: absolute; left: 0px; top: 0px; margin: 0px; transform: translate(0px, 0px);\\" data-popper-placement=\\"bottom\\"><div style=\\"z-index: 2002;\\" class=\\"var-tooltip__content-container var-tooltip--success var-tooltip--margin-bottom\\"></div></div>"`;

exports[`test tooltip type 5`] = `"<div class=\\"var-tooltip__tooltip\\" style=\\"display: none; position: absolute; left: 0px; top: 0px; margin: 0px; transform: translate(0px, 0px);\\" data-popper-placement=\\"bottom\\"><div style=\\"z-index: 2002;\\" class=\\"var-tooltip__content-container var-tooltip--warning var-tooltip--margin-bottom\\"></div></div>"`;

exports[`test tooltip type 6`] = `"<div class=\\"var-tooltip__tooltip\\" style=\\"display: none; position: absolute; left: 0px; top: 0px; margin: 0px; transform: translate(0px, 0px);\\" data-popper-placement=\\"bottom\\"><div style=\\"z-index: 2002;\\" class=\\"var-tooltip__content-container var-tooltip--danger var-tooltip--margin-bottom\\"></div></div>"`;
