// Jest Snapshot v1, https://goo.gl/fbAQLP

exports[`test action-sheet example 1`] = `
"<div class=\\"app-type\\">函数调用</div><button class=\\"var-button var--box var-button--normal var--flex var-button--block var-button--primary var-elevation--1\\">
  <!--v-if-->
  <div class=\\"var-button__content\\">基本使用</div>
</button><button class=\\"var-button var--box var-button--normal var--flex var-button--block var-button--primary var-elevation--1\\">
  <!--v-if-->
  <div class=\\"var-button__content\\">修改标题</div>
</button><button class=\\"var-button var--box var-button--normal var--flex var-button--block var-button--primary var-elevation--1\\">
  <!--v-if-->
  <div class=\\"var-button__content\\">禁用选项</div>
</button><button class=\\"var-button var--box var-button--normal var--flex var-button--block var-button--primary var-elevation--1\\">
  <!--v-if-->
  <div class=\\"var-button__content\\">禁用点击选项时关闭动作面板</div>
</button><button class=\\"var-button var--box var-button--normal var--flex var-button--block var-button--primary var-elevation--1\\">
  <!--v-if-->
  <div class=\\"var-button__content\\">自定义选项样式</div>
</button>
<div class=\\"app-type\\">组件调用</div><button class=\\"var-button var--box var-button--normal var--flex var-button--block var-button--warning var-elevation--1\\">
  <!--v-if-->
  <div class=\\"var-button__content\\">基本使用</div>
</button>
<!--teleport start-->
<!--teleport end--><button class=\\"var-button var--box var-button--normal var--flex var-button--block var-button--warning var-elevation--1\\">
  <!--v-if-->
  <div class=\\"var-button__content\\">修改标题</div>
</button>
<!--teleport start-->
<!--teleport end--><button class=\\"var-button var--box var-button--normal var--flex var-button--block var-button--warning var-elevation--1\\">
  <!--v-if-->
  <div class=\\"var-button__content\\">禁用选项</div>
</button>
<!--teleport start-->
<!--teleport end--><button class=\\"var-button var--box var-button--normal var--flex var-button--block var-button--warning var-elevation--1\\">
  <!--v-if-->
  <div class=\\"var-button__content\\">禁用点击选项时关闭动作面板</div>
</button>
<!--teleport start-->
<!--teleport end--><button class=\\"var-button var--box var-button--normal var--flex var-button--block var-button--warning var-elevation--1\\">
  <!--v-if-->
  <div class=\\"var-button__content\\">自定义选项样式</div>
</button>
<!--teleport start-->
<!--teleport end-->"
`;

exports[`test action-sheet styles 1`] = `
"<div class=\\"container\\">
  <!--teleport start-->
  <!--teleport end-->
  <transition-stub>
    <div class=\\"var--box var-popup\\" style=\\"z-index: 1998; display: none;\\">
      <div class=\\"var-popup__overlay\\" style=\\"z-index: 1999;\\"></div>
      <transition-stub>
        <div class=\\"var-popup__content var-elevation--3 var-popup--bottom var-action-sheet__popup-radius\\" style=\\"z-index: 2000; display: none;\\">
          <div class=\\"var-action-sheet var--box\\">
            <div class=\\"var-action-sheet__title\\">请选择</div>
            <div class=\\"var-action-sheet__action-item customClass\\" style=\\"color: rgb(76, 175, 80);\\"><i class=\\"var-icon var-icon--set var-icon-account-circle var-action-sheet__action-icon\\" style=\\"transition: all 0ms; font-size: 30px;\\" var-action-sheet-cover=\\"\\"></i>
              <div class=\\"var-action-sheet__action-name\\">Item 01</div>
            </div>
            <div class=\\"var-action-sheet__action-item var-action-sheet--disabled\\"><i class=\\"var-icon var-icon--set var-icon-account-circle var-action-sheet__action-icon\\" style=\\"transition: all 0ms;\\" var-action-sheet-cover=\\"\\"></i>
              <div class=\\"var-action-sheet__action-name\\">Item 02</div>
            </div>
          </div>
        </div>
      </transition-stub>
    </div>
  </transition-stub>
</div>"
`;
