// Jest Snapshot v1, https://goo.gl/fbAQLP

exports[`test imagePreview example 1`] = `
"<div class=\\"app-type\\">命令调用</div><button class=\\"var-button var--box var-button--normal var--inline-flex var-button--primary var-elevation--1\\">
  <!--v-if-->
  <div class=\\"var-button__content\\">预览</div>
</button>
<div class=\\"app-type\\">组件调用</div><button class=\\"var-button var--box var-button--normal var--inline-flex var-button--warning var-elevation--1\\">
  <!--v-if-->
  <div class=\\"var-button__content\\">预览</div>
</button>
<!--teleport start-->
<transition-stub>
  <div class=\\"var--box var-popup\\" style=\\"z-index: 1998; display: none;\\">
    <!--v-if-->
    <transition-stub>
      <!--v-if-->
    </transition-stub>
  </div>
</transition-stub>
<!--teleport end-->"
`;
