// Vitest Snapshot v1

exports[`test snackbar style 1`] = `"<transition-stub><div class=\\"var-snackbar var-snackbar__transition\\" style=\\"pointer-events: auto; z-index: 2001;\\"><div class=\\"var-snackbar__wrapper var-snackbar__wrapper-center var-elevation--4 var-snackbar__vertical var-snackbar__wrapper-error\\" style=\\"z-index: 2001;\\"><div class=\\"var-snackbar__content test-snackbar\\">test snackbar</div><div class=\\"var-snackbar__action\\"><i class=\\"var-icon var-icon--set var-icon-error\\" style=\\"transition: transform 0ms;\\"></i><!--v-if--></div></div></div></transition-stub>"`;
