// Jest Snapshot v1, https://goo.gl/fbAQLP

exports[`test table example 1`] = `
"<div class=\\"app-type\\">基本使用</div>
<div class=\\"var-table var-elevation--1 var--box\\">
  <div class=\\"var-table__main\\">
    <table class=\\"var-table__table\\" style=\\"width: 100%;\\">
      <thead>
        <tr>
          <th>姓名</th>
          <th>数学</th>
          <th>英语</th>
        </tr>
      </thead>
      <tbody>
        <tr>
          <td>耗子君</td>
          <td>124</td>
          <td>38</td>
        </tr>
        <tr>
          <td>火猫桑</td>
          <td>100</td>
          <td>135</td>
        </tr>
      </tbody>
    </table>
  </div>
  <!--v-if-->
</div>
<div class=\\"app-type\\">插槽</div>
<div class=\\"var-table var-elevation--1 var--box\\">
  <div class=\\"var-table__main\\">
    <table class=\\"var-table__table\\" style=\\"width: 100%;\\">
      <thead>
        <tr>
          <th>
            <div class=\\"var-checkbox__wrap\\">
              <div class=\\"var-checkbox\\">
                <div class=\\"var-checkbox__action var-checkbox--unchecked\\"><i class=\\"var-icon var-icon--set var-icon-checkbox-blank-outline var-checkbox__icon\\" style=\\"transition: all 0ms;\\" var-checkbox-cover=\\"\\"></i></div>
                <div class=\\"var-checkbox__text\\"></div>
              </div>
              <transition-stub>
                <!--v-if-->
              </transition-stub>
            </div>
          </th>
          <th>姓名</th>
          <th><span style=\\"display: inline-flex;\\">数学 <i class=\\"var-icon var-icon--set var-icon-dots-vertical\\" style=\\"transition: all 0ms;\\"></i></span></th>
          <th><span style=\\"display: inline-flex;\\">英语 <i class=\\"var-icon var-icon--set var-icon-dots-vertical\\" style=\\"transition: all 0ms;\\"></i></span></th>
        </tr>
      </thead>
      <tbody>
        <tr>
          <td>
            <div class=\\"var-checkbox__wrap\\">
              <div class=\\"var-checkbox\\">
                <div class=\\"var-checkbox__action var-checkbox--unchecked\\"><i class=\\"var-icon var-icon--set var-icon-checkbox-blank-outline var-checkbox__icon\\" style=\\"transition: all 0ms;\\" var-checkbox-cover=\\"\\"></i></div>
                <div class=\\"var-checkbox__text\\"></div>
              </div>
              <transition-stub>
                <!--v-if-->
              </transition-stub>
            </div>
          </td>
          <td>火猫桑</td>
          <td>100</td>
          <td>135</td>
        </tr>
        <tr>
          <td>
            <div class=\\"var-checkbox__wrap\\">
              <div class=\\"var-checkbox\\">
                <div class=\\"var-checkbox__action var-checkbox--unchecked\\"><i class=\\"var-icon var-icon--set var-icon-checkbox-blank-outline var-checkbox__icon\\" style=\\"transition: all 0ms;\\" var-checkbox-cover=\\"\\"></i></div>
                <div class=\\"var-checkbox__text\\"></div>
              </div>
              <transition-stub>
                <!--v-if-->
              </transition-stub>
            </div>
          </td>
          <td>耗子君</td>
          <td>124</td>
          <td>38</td>
        </tr>
        <tr>
          <td></td>
          <td>总分</td>
          <td>224</td>
          <td>173</td>
        </tr>
      </tbody>
    </table>
  </div>
  <div class=\\"var-table__footer\\">
    <div class=\\"footer-container\\"><button class=\\"var-button var--box var-button--normal var--inline-flex var-button--primary var-elevation--1\\">
        <!--v-if-->
        <div class=\\"var-button__content\\">footer slot</div>
      </button></div>
  </div>
</div>"
`;
